{
  "summary": "Argument container class for testing documentation generation.",
  "arguments": [
    {
      "summary": "Positional arguments, min \u003d 2, max \u003d 2",
      "name": "[NA - Positional]",
      "synonyms": "NA",
      "type": "List[File]",
      "required": "yes",
      "fulltext": "Positional arguments, min \u003d 2, max \u003d 2",
      "defaultValue": "NA",
      "minValue": "NA",
      "maxValue": "NA",
      "minRecValue": "NA",
      "maxRecValue": "NA",
      "kind": "positional",
      "options": []
    },
    {
      "summary": "advancedOptionalInt with initial value 1",
      "name": "--advancedOptionalInt",
      "synonyms": "-advancedOptInt",
      "type": "int",
      "required": "no",
      "fulltext": "Advanced, Optional int",
      "defaultValue": "1",
      "minValue": "-Infinity",
      "maxValue": "Infinity",
      "minRecValue": "NA",
      "maxRecValue": "NA",
      "kind": "advanced",
      "options": []
    },
    {
      "summary": "deprecated",
      "name": "--deprecatedString",
      "synonyms": "-depStr",
      "type": "int",
      "required": "no",
      "fulltext": "Deprecated string",
      "defaultValue": "0",
      "minValue": "-Infinity",
      "maxValue": "Infinity",
      "minRecValue": "NA",
      "maxRecValue": "NA",
      "kind": "deprecated",
      "options": []
    },
    {
      "summary": "Undocumented option",
      "name": "--mutexArg",
      "synonyms": "-mutexArg",
      "type": "List[File]",
      "required": "no",
      "fulltext": "Mutually exclusive args",
      "defaultValue": "[]",
      "minValue": "NA",
      "maxValue": "NA",
      "minRecValue": "NA",
      "maxRecValue": "NA",
      "kind": "optional",
      "options": []
    },
    {
      "summary": "SAM/BAM/CRAM file(s) with alignment data from the first read of a pair.",
      "name": "--mutexTargetField1",
      "synonyms": "-mutexTargetField1",
      "type": "List[File]",
      "required": "no",
      "fulltext": "",
      "defaultValue": "[]",
      "minValue": "NA",
      "maxValue": "NA",
      "minRecValue": "NA",
      "maxRecValue": "NA",
      "kind": "optional",
      "options": []
    },
    {
      "summary": "SAM/BAM file(s) with alignment data from the second read of a pair.",
      "name": "--mutexTargetField2",
      "synonyms": "-mutexTargetField2",
      "type": "List[File]",
      "required": "no",
      "fulltext": "",
      "defaultValue": "[]",
      "minValue": "NA",
      "maxValue": "NA",
      "minRecValue": "NA",
      "maxRecValue": "NA",
      "kind": "optional",
      "options": []
    },
    {
      "summary": "Optional Clp enum",
      "name": "--optionalClpEnum",
      "synonyms": "-optionalClpEnum",
      "type": "TestEnum",
      "required": "no",
      "fulltext": "",
      "defaultValue": "ENUM_VALUE_1",
      "minValue": "NA",
      "maxValue": "NA",
      "minRecValue": "NA",
      "maxRecValue": "NA",
      "kind": "optional",
      "options": [
        {
          "summary": "",
          "name": "ENUM_VALUE_1"
        },
        {
          "summary": "",
          "name": "ENUM_VALUE_2"
        }
      ]
    },
    {
      "summary": "Optionals double with initial value 2.15",
      "name": "--optionalDouble",
      "synonyms": "-optDouble",
      "type": "double",
      "required": "no",
      "fulltext": "Required double",
      "defaultValue": "2.15",
      "minValue": "-Infinity",
      "maxValue": "Infinity",
      "minRecValue": "NA",
      "maxRecValue": "NA",
      "kind": "optional",
      "options": []
    },
    {
      "summary": "optionalDoubleList with initial values: 100.0, 99.9, 99.0, 90.0",
      "name": "--optionalDoubleList",
      "synonyms": "-optDoubleList",
      "type": "List[Double]",
      "required": "no",
      "fulltext": "Optional double list.",
      "defaultValue": "[100.0, 99.9, 99.0, 90.0]",
      "minValue": "NA",
      "maxValue": "NA",
      "minRecValue": "NA",
      "maxRecValue": "NA",
      "kind": "optional",
      "options": []
    },
    {
      "summary": "Optional file list",
      "name": "--optionalFileList",
      "synonyms": "-optFilList",
      "type": "List[File]",
      "required": "no",
      "fulltext": "Optional file list.",
      "defaultValue": "[]",
      "minValue": "NA",
      "maxValue": "NA",
      "minRecValue": "NA",
      "maxRecValue": "NA",
      "kind": "optional",
      "options": []
    },
    {
      "summary": "Optional flag, defaults to false.",
      "name": "--optionalFlag",
      "synonyms": "-optFlag",
      "type": "boolean",
      "required": "no",
      "fulltext": "Optional flag.",
      "defaultValue": "false",
      "minValue": "NA",
      "maxValue": "NA",
      "minRecValue": "NA",
      "maxRecValue": "NA",
      "kind": "optional",
      "options": []
    },
    {
      "summary": "Optional input files from argument collection",
      "name": "--optionalInputFilesFromArgCollection",
      "synonyms": "-optionalInputFilesFromArgCollection",
      "type": "List[File]",
      "required": "no",
      "fulltext": "",
      "defaultValue": "[]",
      "minValue": "NA",
      "maxValue": "NA",
      "minRecValue": "NA",
      "maxRecValue": "NA",
      "kind": "optional",
      "options": []
    },
    {
      "summary": "Optional string input from argument collection",
      "name": "--optionalStringInputFromArgCollection",
      "synonyms": "-optionalStringInputFromArgCollection",
      "type": "String",
      "required": "no",
      "fulltext": "",
      "defaultValue": "null",
      "minValue": "NA",
      "maxValue": "NA",
      "minRecValue": "NA",
      "maxRecValue": "NA",
      "kind": "optional",
      "options": []
    },
    {
      "summary": "An optional list of strings",
      "name": "--optionalStringList",
      "synonyms": "-optStrList",
      "type": "List[String]",
      "required": "no",
      "fulltext": "Optional string list.",
      "defaultValue": "[]",
      "minValue": "NA",
      "maxValue": "NA",
      "minRecValue": "NA",
      "maxRecValue": "NA",
      "kind": "optional",
      "options": []
    },
    {
      "summary": "Required Clp enum",
      "name": "--requiredClpEnum",
      "synonyms": "-requiredClpEnum",
      "type": "TestEnum",
      "required": "yes",
      "fulltext": "",
      "defaultValue": "null",
      "minValue": "NA",
      "maxValue": "NA",
      "minRecValue": "NA",
      "maxRecValue": "NA",
      "kind": "required",
      "options": [
        {
          "summary": "",
          "name": "ENUM_VALUE_1"
        },
        {
          "summary": "",
          "name": "ENUM_VALUE_2"
        }
      ]
    },
    {
      "summary": "Required file list",
      "name": "--requiredFileList",
      "synonyms": "-reqFilList",
      "type": "List[File]",
      "required": "yes",
      "fulltext": "Required file list.",
      "defaultValue": "[]",
      "minValue": "NA",
      "maxValue": "NA",
      "minRecValue": "NA",
      "maxRecValue": "NA",
      "kind": "required",
      "options": []
    },
    {
      "summary": "Required input files from argument collection",
      "name": "--requiredInputFilesFromArgCollection",
      "synonyms": "-rRequiredInputFilesFromArgCollection",
      "type": "List[File]",
      "required": "yes",
      "fulltext": "",
      "defaultValue": "[]",
      "minValue": "NA",
      "maxValue": "NA",
      "minRecValue": "NA",
      "maxRecValue": "NA",
      "kind": "required",
      "options": []
    },
    {
      "summary": "Required string input from argument collection",
      "name": "--requiredStringInputFromArgCollection",
      "synonyms": "-requiredStringInputFromArgCollection",
      "type": "String",
      "required": "yes",
      "fulltext": "",
      "defaultValue": "null",
      "minValue": "NA",
      "maxValue": "NA",
      "minRecValue": "NA",
      "maxRecValue": "NA",
      "kind": "required",
      "options": []
    },
    {
      "summary": "A required list of strings",
      "name": "--requiredStringList",
      "synonyms": "-reqStrList",
      "type": "List[String]",
      "required": "yes",
      "fulltext": "Required string list.",
      "defaultValue": "[]",
      "minValue": "NA",
      "maxValue": "NA",
      "minRecValue": "NA",
      "maxRecValue": "NA",
      "kind": "required",
      "options": []
    },
    {
      "summary": "Undocumented option",
      "name": "--testPlugin",
      "synonyms": "-",
      "type": "List[String]",
      "required": "no",
      "fulltext": "",
      "defaultValue": "[]",
      "minValue": "NA",
      "maxValue": "NA",
      "minRecValue": "NA",
      "maxRecValue": "NA",
      "kind": "optional",
      "options": []
    },
    {
      "summary": "Use field name if no name in annotation.",
      "name": "--usesFieldNameForArgName",
      "synonyms": "-",
      "type": "String",
      "required": "yes",
      "fulltext": "",
      "defaultValue": "null",
      "minValue": "NA",
      "maxValue": "NA",
      "minRecValue": "NA",
      "maxRecValue": "NA",
      "kind": "required",
      "options": []
    }
  ],
  "description": "\u003cp\u003eArgument container class for testing documentation generation. Contains an argument\nfor each @Argument, @ArgumentCollection, and @DocumentedFeature property that should\nbe tested.\u003c/p\u003e\n\u003cp\u003eTest custom tag:\u003c/p\u003e \u003cp\u003e\n The purpose of this paragraph is to test embedded html formatting.\n \u003col\u003e\n     \u003cli\u003eThis is point number 1\u003c/li\u003e\n     \u003cli\u003eThis is point number 2\u003c/li\u003e\n \u003c/ol\u003e\n \u003c/p\u003e",
  "name": "TestArgumentContainer",
  "group": "Test feature group name"
}