{
  "TestArgumentContainer.dockerImage": "String",
  "TestArgumentContainer.appLocation": "String",
  "TestArgumentContainer.memoryRequirements": "3G",
  "TestArgumentContainer.diskRequirements": "local-disk 40 HDD",
  "TestArgumentContainer.cpuRequirements": "2",
  "TestArgumentContainer.preemptibleRequirements": "3",
  "TestArgumentContainer.bootdisksizegbRequirements": "15",

  "TestArgumentContainer.positionalArgs":   "Array[File]",

  "TestArgumentContainer.requiredClpEnum":   "String",
  "TestArgumentContainer.companionDictionary": "Array[String]",
  "TestArgumentContainer.companionIndex": "Array[String]",
  "TestArgumentContainer.requiredFileList":   "Array[String]",
  "TestArgumentContainer.requiredInputFilesFromArgCollection":   "Array[File]",
  "TestArgumentContainer.requiredStringInputFromArgCollection":   "String",
  "TestArgumentContainer.requiredStringList":   "Array[String]",
  "TestArgumentContainer.usesFieldNameForArgName":   "String",

  "TestArgumentContainer.enumSetLong": ["ENUM_VALUE_1"],
  "TestArgumentContainer.fullAnonymousArgName": null,
  "TestArgumentContainer.mutexSourceField": null,
  "TestArgumentContainer.mutexTargetField1": null,
  "TestArgumentContainer.mutexTargetField2": null,
  "TestArgumentContainer.optionalClpEnum": "ENUM_VALUE_1",
  "TestArgumentContainer.optionalDouble": 2.15,
  "TestArgumentContainer.optionalDoubleList": [100.0, 99.9, 99.0, 90.0],
  "TestArgumentContainer.optionalFileList": null,
  "TestArgumentContainer.optionalFlag": false,
  "TestArgumentContainer.optionalInputFilesFromArgCollection": null,
  "TestArgumentContainer.optionalStringInputFromArgCollection": null,
  "TestArgumentContainer.optionalStringList": null,
  "TestArgumentContainer.testPlugin": null

}
