{
  "summary": "Class for testing extraDocs property in docgen.",
  "description": "Class for testing extraDocs property in docgen.",
  "name": "TestExtraDocs",
  "group": "Test extra docs group name"
}