<?php
    include '../../../common/include/common.php';
?>

<div class='row-fluid' id="top">

	

	<?php $group = 'markdown'; ?>

	<section class="span4">
		<aside class="well">
			<a href="index"><h4><i class='fa fa-chevron-left'></i> Back to Tool Docs Index</h4></a>
		</aside>
		<aside class="well">
			<h2>Categories</h2>
        <style>
            #sidenav .accordion-body a {
                color : gray;
            }

            .accordion-body li {
                list-style : none;
            }
        </style>
        <ul class="nav nav-pills nav-stacked" id="sidenav">
				<li><a data-toggle="collapse" data-parent="#sidenav" href="#markdown">markdown</a>
					<div id="markdown"
					<?php echo ($group == 'markdown')? 'class="accordion-body collapse in"'.chr(62) : 'class="accordion-body collapse"'.chr(62);?>
					<ul>
								<li>
									<a href="org_broadinstitute_barclay_help_ClpWithMarkdownDocs.html">ClpWithMarkdownDocs</a>
								</li>
								<li>
									<a href="org_broadinstitute_barclay_help_MarkdownDocumentedFeature.html">MarkdownDocumentedFeature</a>
								</li>
					</ul>
					</div>
				</li>
				<li><a data-toggle="collapse" data-parent="#sidenav" href="#Testextradocsgroupname">Test extra docs group name</a>
					<div id="Testextradocsgroupname"
					<?php echo ($group == 'Test extra docs group name')? 'class="accordion-body collapse in"'.chr(62) : 'class="accordion-body collapse"'.chr(62);?>
					<ul>
								<li>
									<a href="org_broadinstitute_barclay_help_TestExtraDocs.html">TestExtraDocs</a>
								</li>
					</ul>
					</div>
				</li>
				<li><a data-toggle="collapse" data-parent="#sidenav" href="#Testfeaturegroupname">Test feature group name</a>
					<div id="Testfeaturegroupname"
					<?php echo ($group == 'Test feature group name')? 'class="accordion-body collapse in"'.chr(62) : 'class="accordion-body collapse"'.chr(62);?>
					<ul>
								<li>
									<a href="org_broadinstitute_barclay_help_TestArgumentContainer.html">TestArgumentContainer</a>
								</li>
					</ul>
					</div>
				</li>
        </ul>
		</aside>
		<?php getForumPosts( 'ClpWithMarkdownDocs' ) ?>

	</section>

	<div class="span8">

			<h1>ClpWithMarkdownDocs **BETA**</h1>

		<p class="lead">Tool where the documentation is formatted with <a href="https://daringfireball.net/projects/markdown/">Markdown</a> <code>String</code>.</p>

			<h3>Category
				<small> markdown</small>
			</h3>
		<hr>
		<h2>Overview</h2>
		<p>Documentation of this tool is written in Markdown and rendered as HTML.</p>
<h2>Javadoc formatted with Markdown</h2>
<p>The purpose of this paragraph is to test embedded <a href="https://daringfireball.net/projects/markdown/">Markdown</a> formatting:</p>
<ul>
<li>First element of list (<strong>bold</strong>)</li>
<li>Second element of list (<em>italic</em>)</li>
</ul>

				<hr>
				<h2>Command-line Arguments</h2>
				<p></p>

				<h3>ClpWithMarkdownDocs specific arguments</h3>
				<p>This table summarizes the command-line arguments that are specific to this tool. For more details on each argument, see the list further down below the table or click on an argument name to jump directly to that entry in the list.</p>
				<table class="table table-striped table-bordered table-condensed">
					<thead>
					<tr>
						<th>Argument name(s)</th>
						<th>Default value</th>
						<th>Summary</th>
					</tr>
					</thead>
					<tbody>
			<tr>
				<th colspan="4" id="row-divider">Optional Tool Arguments</th>
			</tr>
				<tr>
					<td><a href="#--bold">--bold</a><br />
								&nbsp;<em>-</em>
					</td>
					<!--<td>String</td> -->
					<td>""</td>
					<td>This is a <strong>bold</strong> <code>String</code> <strong>argument</strong></td>
				</tr>
				<tr>
					<td><a href="#--DOUBLE">--DOUBLE</a><br />
								&nbsp;<em>-</em>
					</td>
					<!--<td>double</td> -->
					<td>0.0</td>
					<td>This is an <code>double</code> argument with markdown formatted doc</td>
				</tr>
				<tr>
					<td><a href="#--INT">--INT</a><br />
								&nbsp;<em>-</em>
					</td>
					<!--<td>int</td> -->
					<td>0</td>
					<td>This is an <code>int</code> argument with markdown formatted doc</td>
				</tr>
				<tr>
					<td><a href="#--italic">--italic</a><br />
								&nbsp;<em>-</em>
					</td>
					<!--<td>String</td> -->
					<td>""</td>
					<td>This is a <em>italic</em> <code>String</code> <em>argument</em></td>
				</tr>
					</tbody>
				</table>

					<h3>Argument details</h3>
					<p>Arguments in this list are specific to this tool. Keep in mind that other arguments are available that are shared with other tools (e.g. command-line GATK arguments); see Inherited arguments above.</p>
		<hr style="border-bottom: dotted 1px #C0C0C0;" />
		<h3><a name="--bold">--bold </a>
			 / <small>-</small>
		</h3>
		<p class="args">
			<b>This is a <strong>bold</strong> <code>String</code> <strong>argument</strong></b><br />
			
		</p>
		<p>
			<span class="label label-info ">String</span>
				&nbsp;<span class="label">""</span>
		</p>
		<hr style="border-bottom: dotted 1px #C0C0C0;" />
		<h3><a name="--DOUBLE">--DOUBLE </a>
			 / <small>-</small>
		</h3>
		<p class="args">
			<b>This is an <code>double</code> argument with markdown formatted doc</b><br />
			
		</p>
		<p>
			<span class="label label-info ">double</span>
				&nbsp;<span class="label">0.0</span>
				&nbsp;<span class="label label-warning">[ [ -∞</span>
				&nbsp;<span class="label label-warning">∞ ] ]</span>
		</p>
		<hr style="border-bottom: dotted 1px #C0C0C0;" />
		<h3><a name="--INT">--INT </a>
			 / <small>-</small>
		</h3>
		<p class="args">
			<b>This is an <code>int</code> argument with markdown formatted doc</b><br />
			
		</p>
		<p>
			<span class="label label-info ">int</span>
				&nbsp;<span class="label">0</span>
				&nbsp;<span class="label label-warning">[ [ -∞</span>
				&nbsp;<span class="label label-warning">∞ ] ]</span>
		</p>
		<hr style="border-bottom: dotted 1px #C0C0C0;" />
		<h3><a name="--italic">--italic </a>
			 / <small>-</small>
		</h3>
		<p class="args">
			<b>This is a <em>italic</em> <code>String</code> <em>argument</em></b><br />
			
		</p>
		<p>
			<span class="label label-info ">String</span>
				&nbsp;<span class="label">""</span>
		</p>

        <hr>
        <p><a href='#top'><i class='fa fa-chevron-up'></i> Return to top</a></p>
        <hr>
        <p class="version">Barclay version 11.1 built at 2016/01/01 01:01:01.
        </p>

	</div>

	<?php printFooter($module); ?>